// Jest Snapshot v1, https://goo.gl/fbAQLP

exports[`Employees Component GraphQL Query should match snapshot 1`] = `
Object {
  "definitions": Array [
    Object {
      "directives": Array [],
      "kind": "OperationDefinition",
      "name": Object {
        "kind": "Name",
        "value": "EmployeeQuery",
      },
      "operation": "query",
      "selectionSet": Object {
        "kind": "SelectionSet",
        "selections": Array [
          Object {
            "alias": undefined,
            "arguments": Array [],
            "directives": Array [],
            "kind": "Field",
            "name": Object {
              "kind": "Name",
              "value": "version",
            },
            "selectionSet": undefined,
          },
          Object {
            "alias": undefined,
            "arguments": Array [],
            "directives": Array [],
            "kind": "Field",
            "name": Object {
              "kind": "Name",
              "value": "allEmployees",
            },
            "selectionSet": Object {
              "kind": "SelectionSet",
              "selections": Array [
                Object {
                  "alias": undefined,
                  "arguments": Array [],
                  "directives": Array [],
                  "kind": "Field",
                  "name": Object {
                    "kind": "Name",
                    "value": "id",
                  },
                  "selectionSet": undefined,
                },
                Object {
                  "alias": undefined,
                  "arguments": Array [],
                  "directives": Array [],
                  "kind": "Field",
                  "name": Object {
                    "kind": "Name",
                    "value": "level",
                  },
                  "selectionSet": undefined,
                },
                Object {
                  "alias": undefined,
                  "arguments": Array [],
                  "directives": Array [],
                  "kind": "Field",
                  "name": Object {
                    "kind": "Name",
                    "value": "firstname",
                  },
                  "selectionSet": undefined,
                },
                Object {
                  "alias": undefined,
                  "arguments": Array [],
                  "directives": Array [],
                  "kind": "Field",
                  "name": Object {
                    "kind": "Name",
                    "value": "lastname",
                  },
                  "selectionSet": undefined,
                },
                Object {
                  "alias": undefined,
                  "arguments": Array [],
                  "directives": Array [],
                  "kind": "Field",
                  "name": Object {
                    "kind": "Name",
                    "value": "phoneNumber",
                  },
                  "selectionSet": undefined,
                },
              ],
            },
          },
        ],
      },
      "variableDefinitions": Array [],
    },
  ],
  "kind": "Document",
  "loc": Object {
    "end": 136,
    "start": 0,
  },
}
`;

exports[`Employees Component should match snapshot 1`] = `
<div>
  <div
    key="3"
  >
    <WithStyles(EmployeeCard)
      employee={
        Object {
          "firstname": "Si",
          "id": "3",
          "lastname": "Tran",
          "level": "SENIOR_DEVELOPER",
        }
      }
    />
  </div>
  <div
    key="2"
  >
    <WithStyles(EmployeeCard)
      employee={
        Object {
          "firstname": "Michael",
          "id": "2",
          "lastname": "Sewell",
          "level": "SENIOR_DEVELOPER",
        }
      }
    />
  </div>
  <div
    key="1"
  >
    <WithStyles(EmployeeCard)
      employee={
        Object {
          "firstname": "Michael",
          "id": "1",
          "lastname": "Omann",
          "level": "ARCHITECT",
        }
      }
    />
  </div>
</div>
`;
