// Jest Snapshot v1, https://goo.gl/fbAQLP

exports[`AppBar should match snapshot 1`] = `
<div
  className="Component-root-1"
>
  <WithStyles(List)
    component="nav"
  >
    <div
      key="all employees"
    >
      <Link
        replace={false}
        style={
          Object {
            "textDecoration": "none",
          }
        }
        to="/employees"
      >
        <WithStyles(ListItem)
          button={true}
        >
          <WithStyles(ListItemIcon)>
            <pure(People) />
          </WithStyles(ListItemIcon)>
          <WithStyles(ListItemText)
            disableTypography={true}
            primary={
              <WithStyles(Typography)
                type="h3"
              >
                all employees
              </WithStyles(Typography)>
            }
          />
        </WithStyles(ListItem)>
      </Link>
    </div>
  </WithStyles(List)>
  <WithStyles(Divider) />
</div>
`;
